------- FILE inputtest.s LEVEL 1 PASS 2
      1  103a					      processor	6502
      2  103a ????
      3  103a ????	       ff d2	   CHROUT     =	$ffd2
      4  103a ????	       ff e4	   GETIN      =	$ffe4
      5  103a ????	       ff 9f	   SCNKEY     =	$ff9f
      6  103a ????	       00 c5	   CURKEY     =	$00c5
      7  103a ????
      8  1001					      org	$1001
      9  1001
     10  1001		       0b 10		      dc.w	stubend
     11  1003		       39 30		      dc.w	12345
     12  1005		       9e 34 31 30*	      dc.b	$9e, "4109", 0
     13  100b				   stubend
     14  100b		       00 00		      dc.w	0
     15  100d
     16  100d				   start
     17  100d		       a5 c5		      lda	CURKEY
     18  100f		       c9 09		      cmp	#9	; W
     19  1011		       f0 0f		      beq	printw
     20  1013		       c9 11		      cmp	#17	; A
     21  1015		       f0 13		      beq	printa
     22  1017		       c9 29		      cmp	#41	; S
     23  1019		       f0 17		      beq	prints
     24  101b		       c9 12		      cmp	#18	; D
     25  101d		       f0 1b		      beq	end
     26  101f
     27  101f		       4c 0d 10 	      jmp	start
     28  1022
     29  1022				   printw
     30  1022		       a9 57		      lda	#'W
     31  1024		       20 d2 ff 	      jsr	CHROUT
     32  1027		       4c 0d 10 	      jmp	start
     33  102a
     34  102a				   printa
     35  102a		       a9 41		      lda	#'A
     36  102c		       20 d2 ff 	      jsr	CHROUT
     37  102f		       4c 0d 10 	      jmp	start
     38  1032
     39  1032				   prints
     40  1032		       a9 53		      lda	#'S
     41  1034		       20 d2 ff 	      jsr	CHROUT
     42  1037		       4c 0d 10 	      jmp	start
     43  103a
     44  103a				   end
