------- FILE shift_on_monitor.s LEVEL 1 PASS 2
      1  1062					      processor	6502
      2  1063 ????
      3  1001					      org	$1001
      4  1001		       0b 10		      dc.w	stubend
      5  1003		       39 30		      dc.w	12345
      6  1005		       9e 34 31 30*	      dc.b	$9e, "4109", 0
      7  100b				   stubend
      8  100b		       00 00		      dc.w	0
      9  100d				   main
     10  100d		       a9 15		      lda	#21
     11  100f		       85 21		      sta	$21
     12  1011		       a9 0c		      lda	#12
     13  1013		       85 22		      sta	$22
     14  1015		       20 1c 10 	      jsr	shift_on_monitor
     15  1018				   end
     16  1018		       4c 18 10 	      jmp	end
     17  101b		       60		      rts
     18  101c
     19  101c				   shift_on_monitor
     20  101c		       a5 21		      lda	$21
     21  101e		       85 03		      sta	$03	;->xto[3]
     22  1020		       a5 22		      lda	$22
     23  1022		       85 04		      sta	$04	; -> y to [4]
     24  1024		       a9 00		      lda	#$00
     25  1026		       85 01		      sta	$01
     26  1028		       85 00		      sta	$00
     27  102a				   som_loop
     28  102a				   som_y
     29  102a		       a5 04		      lda	$04
     30  102c		       c9 00		      cmp	#$0
     31  102e		       f0 12		      beq	som_x
     32  1030		       18		      clc
     33  1031		       a9 16		      lda	#22
     34  1033		       65 00		      adc	$0
     35  1035		       85 00		      sta	$0
     36  1037
     37  1037		       a5 01		      lda	$01
     38  1039		       69 00		      adc	#$0
     39  103b		       85 01		      sta	$01
     40  103d
     41  103d		       c6 04		      dec	$04
     42  103f		       4c 2a 10 	      jmp	som_y
     43  1042				   som_x
     44  1042		       18		      clc
     45  1043		       a5 03		      lda	$03
     46  1045		       65 00		      adc	$0
     47  1047		       85 00		      sta	$0
     48  1049		       a5 01		      lda	$01
     49  104b		       69 00		      adc	#$0
     50  104d		       85 01		      sta	$01
     51  104f
     52  104f
     53  104f							;calculate movement of characters
     54  104f							;not out of border is assumend
     55  104f							;last 2 digit always 0
     56  104f		       a5 00		      lda	$00
     57  1051		       85 02		      sta	$02
     58  1053		       85 04		      sta	$04
     59  1055		       18		      clc
     60  1056
     61  1056		       a9 1e		      lda	#$1e
     62  1058		       65 01		      adc	$01
     63  105a		       85 03		      sta	$03
     64  105c
     65  105c		       a9 96		      lda	#$96
     66  105e		       65 01		      adc	$01
     67  1060		       85 05		      sta	$05
     68  1062		       60		      rts
